[2026-08-18 06:57:20Z INFO HostContext] No proxy settings were found based on environmental variables (http_proxy/https_proxy/HTTP_PROXY/HTTPS_PROXY)
[2026-08-18 06:57:20Z INFO HostContext] Well known directory 'Bin': 'C:\B18GIT\B18G20GIT\actions-runner\bin'
[2026-08-18 06:57:20Z INFO HostContext] Well known directory 'Root': 'C:\B18GIT\B18G20GIT\actions-runner'
[2026-08-18 06:57:20Z INFO HostContext] Well known config file 'Credentials': 'C:\B18GIT\B18G20GIT\actions-runner\.credentials'
[2026-08-18 06:57:20Z INFO HostContext] Well known directory 'Bin': 'C:\B18GIT\B18G20GIT\actions-runner\bin'
[2026-08-18 06:57:20Z INFO HostContext] Well known directory 'Root': 'C:\B18GIT\B18G20GIT\actions-runner'
[2026-08-18 06:57:20Z INFO HostContext] Well known config file 'Runner': 'C:\B18GIT\B18G20GIT\actions-runner\.runner'
[2026-08-18 06:57:20Z INFO Listener] Runner is built for Windows (X64) - win-x64.
[2026-08-18 06:57:20Z INFO Listener] RuntimeInformation: Microsoft Windows 10.0.26200.
[2026-08-18 06:57:20Z INFO Listener] Version: 2.336.0
[2026-08-18 06:57:20Z INFO Listener] Commit: 98aabcd429c4e8402406c56ce2d26387fed3b9ce
[2026-08-18 06:57:20Z INFO Listener] Culture: en-IN
[2026-08-18 06:57:20Z INFO Listener] UI Culture: en-US
[2026-08-18 06:57:20Z INFO HostContext] Well known directory 'Bin': 'C:\B18GIT\B18G20GIT\actions-runner\bin'
[2026-08-18 06:57:20Z INFO HostContext] Well known directory 'Root': 'C:\B18GIT\B18G20GIT\actions-runner'
[2026-08-18 06:57:20Z INFO Listener] Validating directory permissions for: 'C:\B18GIT\B18G20GIT\actions-runner'
[2026-08-18 06:57:20Z INFO CommandLineParser] Parse
[2026-08-18 06:57:20Z INFO CommandLineParser] Parsing 5 args
[2026-08-18 06:57:20Z INFO CommandLineParser] parsing argument
[2026-08-18 06:57:20Z INFO CommandLineParser] HasArgs: False
[2026-08-18 06:57:20Z INFO CommandLineParser] Adding Command: configure
[2026-08-18 06:57:20Z INFO CommandLineParser] parsing argument
[2026-08-18 06:57:20Z INFO CommandLineParser] HasArgs: True
[2026-08-18 06:57:20Z INFO CommandLineParser] arg: url
[2026-08-18 06:57:20Z INFO CommandLineParser] parsing argument
[2026-08-18 06:57:20Z INFO CommandLineParser] HasArgs: True
[2026-08-18 06:57:20Z INFO CommandLineParser] Adding option 'url': 'https://github.com/ramakant-enviorment-LZ/B18G20GIT'
[2026-08-18 06:57:20Z INFO CommandLineParser] parsing argument
[2026-08-18 06:57:20Z INFO CommandLineParser] HasArgs: True
[2026-08-18 06:57:20Z INFO CommandLineParser] arg: token
[2026-08-18 06:57:20Z INFO CommandLineParser] parsing argument
[2026-08-18 06:57:20Z INFO CommandLineParser] HasArgs: True
[2026-08-18 06:57:20Z INFO CommandLineParser] Adding option 'token': '***'
[2026-08-18 06:57:20Z INFO Listener] Arguments parsed
[2026-08-18 06:57:21Z INFO Runner] ExecuteCommand
[2026-08-18 06:57:21Z INFO ConfigurationStore] currentAssemblyLocation: C:\B18GIT\B18G20GIT\actions-runner\bin\Runner.Listener.dll
[2026-08-18 06:57:21Z INFO HostContext] Well known directory 'Bin': 'C:\B18GIT\B18G20GIT\actions-runner\bin'
[2026-08-18 06:57:21Z INFO ConfigurationStore] binPath: C:\B18GIT\B18G20GIT\actions-runner\bin
[2026-08-18 06:57:21Z INFO HostContext] Well known directory 'Bin': 'C:\B18GIT\B18G20GIT\actions-runner\bin'
[2026-08-18 06:57:21Z INFO HostContext] Well known directory 'Root': 'C:\B18GIT\B18G20GIT\actions-runner'
[2026-08-18 06:57:21Z INFO ConfigurationStore] RootFolder: C:\B18GIT\B18G20GIT\actions-runner
[2026-08-18 06:57:21Z INFO HostContext] Well known directory 'Bin': 'C:\B18GIT\B18G20GIT\actions-runner\bin'
[2026-08-18 06:57:21Z INFO HostContext] Well known directory 'Root': 'C:\B18GIT\B18G20GIT\actions-runner'
[2026-08-18 06:57:21Z INFO HostContext] Well known config file 'Runner': 'C:\B18GIT\B18G20GIT\actions-runner\.runner'
[2026-08-18 06:57:21Z INFO ConfigurationStore] ConfigFilePath: C:\B18GIT\B18G20GIT\actions-runner\.runner
[2026-08-18 06:57:21Z INFO HostContext] Well known directory 'Bin': 'C:\B18GIT\B18G20GIT\actions-runner\bin'
[2026-08-18 06:57:21Z INFO HostContext] Well known directory 'Root': 'C:\B18GIT\B18G20GIT\actions-runner'
[2026-08-18 06:57:21Z INFO HostContext] Well known config file 'MigratedRunner': 'C:\B18GIT\B18G20GIT\actions-runner\.runner_migrated'
[2026-08-18 06:57:21Z INFO ConfigurationStore] MigratedConfigFilePath: C:\B18GIT\B18G20GIT\actions-runner\.runner_migrated
[2026-08-18 06:57:21Z INFO HostContext] Well known directory 'Bin': 'C:\B18GIT\B18G20GIT\actions-runner\bin'
[2026-08-18 06:57:21Z INFO HostContext] Well known directory 'Root': 'C:\B18GIT\B18G20GIT\actions-runner'
[2026-08-18 06:57:21Z INFO HostContext] Well known config file 'Credentials': 'C:\B18GIT\B18G20GIT\actions-runner\.credentials'
[2026-08-18 06:57:21Z INFO ConfigurationStore] CredFilePath: C:\B18GIT\B18G20GIT\actions-runner\.credentials
[2026-08-18 06:57:21Z INFO HostContext] Well known directory 'Bin': 'C:\B18GIT\B18G20GIT\actions-runner\bin'
[2026-08-18 06:57:21Z INFO HostContext] Well known directory 'Root': 'C:\B18GIT\B18G20GIT\actions-runner'
[2026-08-18 06:57:21Z INFO HostContext] Well known config file 'MigratedCredentials': 'C:\B18GIT\B18G20GIT\actions-runner\.credentials_migrated'
[2026-08-18 06:57:21Z INFO ConfigurationStore] MigratedCredFilePath: C:\B18GIT\B18G20GIT\actions-runner\.credentials_migrated
[2026-08-18 06:57:21Z INFO HostContext] Well known directory 'Bin': 'C:\B18GIT\B18G20GIT\actions-runner\bin'
[2026-08-18 06:57:21Z INFO HostContext] Well known directory 'Root': 'C:\B18GIT\B18G20GIT\actions-runner'
[2026-08-18 06:57:21Z INFO HostContext] Well known config file 'Service': 'C:\B18GIT\B18G20GIT\actions-runner\.service'
[2026-08-18 06:57:21Z INFO ConfigurationStore] ServiceConfigFilePath: C:\B18GIT\B18G20GIT\actions-runner\.service
[2026-08-18 06:57:21Z INFO CommandSettings] Flag 'help': 'False'
[2026-08-18 06:57:21Z INFO CommandSettings] Flag 'version': 'False'
[2026-08-18 06:57:21Z INFO CommandSettings] Flag 'commit': 'False'
[2026-08-18 06:57:21Z INFO CommandSettings] Flag 'check': 'False'
[2026-08-18 06:57:21Z INFO CommandSettings] Command 'configure': 'True'
[2026-08-18 06:57:21Z INFO Terminal] WRITE LINE: 
[2026-08-18 06:57:21Z INFO Terminal] WRITE LINE: --------------------------------------------------------------------------------
[2026-08-18 06:57:21Z INFO Terminal] WRITE LINE: |        ____ _ _   _   _       _          _        _   _                      |
[2026-08-18 06:57:21Z INFO Terminal] WRITE LINE: |       / ___(_) |_| | | |_   _| |__      / \   ___| |_(_) ___  _ __  ___      |
[2026-08-18 06:57:21Z INFO Terminal] WRITE LINE: |      | |  _| | __| |_| | | | | '_ \    / _ \ / __| __| |/ _ \| '_ \/ __|     |
[2026-08-18 06:57:21Z INFO Terminal] WRITE LINE: |      | |_| | | |_|  _  | |_| | |_) |  / ___ \ (__| |_| | (_) | | | \__ \     |
[2026-08-18 06:57:21Z INFO Terminal] WRITE LINE: |       \____|_|\__|_| |_|\__,_|_.__/  /_/   \_\___|\__|_|\___/|_| |_|___/     |
[2026-08-18 06:57:21Z INFO Terminal] WRITE LINE: |                                                                              |
[2026-08-18 06:57:21Z INFO Terminal] WRITE: |                       
[2026-08-18 06:57:21Z INFO Terminal] WRITE: Self-hosted runner registration
[2026-08-18 06:57:21Z INFO Terminal] WRITE LINE:                         |
[2026-08-18 06:57:21Z INFO Terminal] WRITE LINE: |                                                                              |
[2026-08-18 06:57:21Z INFO Terminal] WRITE LINE: --------------------------------------------------------------------------------
[2026-08-18 06:57:21Z INFO ConfigurationManager] ConfigureAsync
[2026-08-18 06:57:21Z INFO CommandSettings] Flag 'generateServiceConfig': 'False'
[2026-08-18 06:57:21Z INFO ConfigurationStore] IsConfigured()
[2026-08-18 06:57:21Z INFO ConfigurationStore] IsConfigured: False
[2026-08-18 06:57:21Z INFO ConfigurationManager] Is configured: False
[2026-08-18 06:57:21Z INFO CommandSettings] Arg 'url': 'https://github.com/ramakant-enviorment-LZ/B18G20GIT'
[2026-08-18 06:57:21Z INFO CommandSettings] Remove url from Arg dictionary.
[2026-08-18 06:57:21Z INFO CommandSettings] Arg 'token': '***'
[2026-08-18 06:57:21Z INFO CommandSettings] Remove token from Arg dictionary.
[2026-08-18 06:57:27Z INFO ConfigurationManager] Http response code: OK from 'POST https://api.github.com/actions/runner-registration' (CAE6:23C453:F3CF11:10931D5:6A840255)
[2026-08-18 06:57:27Z INFO ConfigurationManager] Using runner-admin flow: False
[2026-08-18 06:57:27Z INFO ConfigurationManager] cred retrieved via GitHub auth
[2026-08-18 06:57:27Z INFO RunnerServer] EstablishVssConnection
[2026-08-18 06:57:27Z INFO RunnerServer] Establish connection with 100 seconds timeout.
[2026-08-18 06:57:27Z INFO GitHubActionsService] Starting operation Location.GetConnectionData
[2026-08-18 06:57:27Z INFO RunnerServer] EstablishVssConnection
[2026-08-18 06:57:27Z INFO RunnerServer] Establish connection with 60 seconds timeout.
[2026-08-18 06:57:27Z INFO GitHubActionsService] Starting operation Location.GetConnectionData
[2026-08-18 06:57:27Z INFO RunnerServer] EstablishVssConnection
[2026-08-18 06:57:27Z INFO RunnerServer] Establish connection with 60 seconds timeout.
[2026-08-18 06:57:27Z INFO GitHubActionsService] Starting operation Location.GetConnectionData
[2026-08-18 06:57:28Z INFO GitHubActionsService] Finished operation Location.GetConnectionData
[2026-08-18 06:57:28Z INFO GitHubActionsService] Finished operation Location.GetConnectionData
[2026-08-18 06:57:29Z INFO GitHubActionsService] Finished operation Location.GetConnectionData
[2026-08-18 06:57:29Z INFO Terminal] WRITE LINE: 
[2026-08-18 06:57:29Z INFO ConfigurationManager] Test Connection complete.
[2026-08-18 06:57:29Z INFO HostContext] Well known directory 'Bin': 'C:\B18GIT\B18G20GIT\actions-runner\bin'
[2026-08-18 06:57:29Z INFO HostContext] Well known directory 'Root': 'C:\B18GIT\B18G20GIT\actions-runner'
[2026-08-18 06:57:29Z INFO HostContext] Well known config file 'RSACredentials': 'C:\B18GIT\B18G20GIT\actions-runner\.credentials_rsaparams'
[2026-08-18 06:57:29Z INFO RSAEncryptedFileKeyManager] Creating new RSA key using 2048-bit key length
[2026-08-18 06:57:29Z INFO RSAEncryptedFileKeyManager] Successfully saved RSA key parameters to file C:\B18GIT\B18G20GIT\actions-runner\.credentials_rsaparams
[2026-08-18 06:57:29Z INFO CommandSettings] Arg 'runnergroup': ''
[2026-08-18 06:57:29Z INFO CommandSettings] Flag 'unattended': 'False'
[2026-08-18 06:57:29Z INFO PromptManager] ReadValue
[2026-08-18 06:57:29Z INFO Terminal] WRITE: Enter the name of the runner group to add this runner to: 
[2026-08-18 06:57:29Z INFO Terminal] WRITE: [press Enter for Default] 
[2026-08-18 06:57:29Z INFO Terminal] READ LINE
[2026-08-18 06:57:33Z INFO Terminal] Read value: ''
[2026-08-18 06:57:33Z INFO PromptManager] Falling back to the default: 'Default'
[2026-08-18 06:57:33Z INFO Terminal] WRITE LINE: 
[2026-08-18 06:57:33Z INFO ConfigurationManager] Found a self-hosted runner group with id 1 and name Default
[2026-08-18 06:57:33Z INFO CommandSettings] Flag 'disableupdate': 'False'
[2026-08-18 06:57:33Z INFO CommandSettings] Flag 'ephemeral': 'False'
[2026-08-18 06:57:33Z INFO CommandSettings] Arg 'name': ''
[2026-08-18 06:57:33Z INFO CommandSettings] Flag 'unattended': 'False'
[2026-08-18 06:57:33Z INFO PromptManager] ReadValue
[2026-08-18 06:57:33Z INFO Terminal] WRITE: Enter the name of runner: 
[2026-08-18 06:57:33Z INFO Terminal] WRITE: [press Enter for DEVITAARU] 
[2026-08-18 06:57:33Z INFO Terminal] READ LINE
[2026-08-18 06:57:35Z INFO Terminal] Read value: ''
[2026-08-18 06:57:35Z INFO PromptManager] Falling back to the default: 'DEVITAARU'
[2026-08-18 06:57:35Z INFO Terminal] WRITE LINE: 
[2026-08-18 06:57:35Z INFO CommandSettings] Arg 'labels': ''
[2026-08-18 06:57:35Z INFO CommandSettings] Flag 'unattended': 'False'
[2026-08-18 06:57:35Z INFO PromptManager] ReadValue
[2026-08-18 06:57:35Z INFO Terminal] WRITE: This runner will have the following labels: 'self-hosted', 'Windows', 'X64' 
Enter any additional labels (ex. label-1,label-2): 
[2026-08-18 06:57:35Z INFO Terminal] WRITE: [press Enter to skip] 
[2026-08-18 06:57:35Z INFO Terminal] READ LINE
[2026-08-18 06:57:36Z INFO Terminal] Read value: ''
[2026-08-18 06:57:36Z INFO Terminal] WRITE LINE: 
[2026-08-18 06:57:36Z INFO CommandSettings] Flag 'disableupdate': 'False'
[2026-08-18 06:57:36Z INFO CommandSettings] Flag 'no-default-labels': 'False'
[2026-08-18 06:57:36Z INFO CommandSettings] Flag 'disableupdate': 'False'
[2026-08-18 06:57:36Z INFO CommandSettings] Flag 'ephemeral': 'False'
[2026-08-18 06:57:36Z INFO ConfigurationStore] Saving OAuth credential @ C:\B18GIT\B18G20GIT\actions-runner\.credentials
[2026-08-18 06:57:36Z INFO ConfigurationStore] Credentials Saved.
[2026-08-18 06:57:36Z INFO ConfigurationManager] Service enforced serverUrlV2: https://broker.actions.githubusercontent.com/
[2026-08-18 06:57:36Z INFO ConfigurationManager] Service enforced useV2Flow: True
[2026-08-18 06:57:36Z INFO CommandSettings] Arg 'work': ''
[2026-08-18 06:57:36Z INFO CommandSettings] Flag 'unattended': 'False'
[2026-08-18 06:57:36Z INFO PromptManager] ReadValue
[2026-08-18 06:57:36Z INFO Terminal] WRITE: Enter name of work folder: 
[2026-08-18 06:57:36Z INFO Terminal] WRITE: [press Enter for _work] 
[2026-08-18 06:57:36Z INFO Terminal] READ LINE
[2026-08-18 06:57:38Z INFO Terminal] Read value: ''
[2026-08-18 06:57:38Z INFO PromptManager] Falling back to the default: '_work'
[2026-08-18 06:57:38Z INFO ConfigurationStore] Saving runner settings.
[2026-08-18 06:57:39Z INFO ConfigurationStore] Settings Saved.
[2026-08-18 06:57:39Z INFO Terminal] WRITE LINE: 
[2026-08-18 06:57:39Z INFO Terminal] WRITE LINE: 
[2026-08-18 06:57:39Z INFO CommandSettings] Flag 'runasservice': 'False'
[2026-08-18 06:57:39Z INFO CommandSettings] Flag 'unattended': 'False'
[2026-08-18 06:57:39Z INFO PromptManager] ReadValue
[2026-08-18 06:57:39Z INFO Terminal] WRITE: Would you like to run the runner as service? (Y/N) 
[2026-08-18 06:57:39Z INFO Terminal] WRITE: [press Enter for N] 
[2026-08-18 06:57:39Z INFO Terminal] READ LINE
[2026-08-18 06:57:39Z INFO Terminal] Read value: ''
[2026-08-18 06:57:39Z INFO PromptManager] Falling back to the default: 'N'
[2026-08-18 06:57:39Z INFO Listener] Runner execution has finished with return code 0
